// Jest Snapshot v1, https://goo.gl/fbAQLP

exports[`SideNav renders SideNav component created 1`] = `
<div
  className="side"
>
  <img
    alt=""
    className="user"
    height="260"
    width="260"
  />
  <h1
    className="profile"
  >
    <span
      className="fullname"
    />
    <span
      className="username"
    />
  </h1>
  <div
    className="btn-group"
  >
    <button
      className="btn"
    >
      Follow
    </button>
    <button
      className="report-btn"
    >
      <svg
        aria-hidden="true"
        aria-labelledby="title"
        className="icon"
        height="16"
        text="gray-light"
        version="1.1"
        viewBox="0 0 16 16"
        width="16"
      >
        <title
          id="title"
        >
          KebabHorizontal Icon
        </title>
        <path
          d="M8 9a1.5 1.5 0 100-3 1.5 1.5 0 000 3zM1.5 9a1.5 1.5 0 100-3 1.5 1.5 0 000 3zm13 0a1.5 1.5 0 100-3 1.5 1.5 0 000 3z"
        />
      </svg>
    </button>
  </div>
  <div
    className="follower-following"
  >
    <svg
      aria-hidden="true"
      aria-labelledby="title"
      className="icon"
      height="16"
      text="gray-light"
      version="1.1"
      viewBox="0 0 16 16"
      width="16"
    >
      <title
        id="title"
      >
        People Icon
      </title>
      <path
        d="M5.5 3.5a2 2 0 100 4 2 2 0 000-4zM2 5.5a3.5 3.5 0 115.898 2.549 5.507 5.507 0 013.034 4.084.75.75 0 11-1.482.235 4.001 4.001 0 00-7.9 0 .75.75 0 01-1.482-.236A5.507 5.507 0 013.102 8.05 3.49 3.49 0 012 5.5zM11 4a.75.75 0 100 1.5 1.5 1.5 0 01.666 2.844.75.75 0 00-.416.672v.352a.75.75 0 00.574.73c1.2.289 2.162 1.2 2.522 2.372a.75.75 0 101.434-.44 5.01 5.01 0 00-2.56-3.012A3 3 0 0011 4z"
        fillRule="evenodd"
      />
    </svg>
     
    <span
      className="label"
    />
     followers
     
    <span
      className="label middle"
    />
     
    <span
      className="label"
    />
     following
     
    <span
      className="label middle"
    />
     
    <svg
      aria-hidden="true"
      aria-labelledby="title"
      className="icon"
      height="16"
      text="gray-light"
      version="1.1"
      viewBox="0 0 16 16"
      width="16"
    >
      <title
        id="title"
      >
        Star Icon
      </title>
      <path
        d="M8 .25a.75.75 0 01.673.418l1.882 3.815 4.21.612a.75.75 0 01.416 1.279l-3.046 2.97.719 4.192a.75.75 0 01-1.088.791L8 12.347l-3.766 1.98a.75.75 0 01-1.088-.79l.72-4.194L.818 6.374a.75.75 0 01.416-1.28l4.21-.611L7.327.668A.75.75 0 018 .25zm0 2.445L6.615 5.5a.75.75 0 01-.564.41l-3.097.45 2.24 2.184a.75.75 0 01.216.664l-.528 3.084 2.769-1.456a.75.75 0 01.698 0l2.77 1.456-.53-3.084a.75.75 0 01.216-.664l2.24-2.183-3.096-.45a.75.75 0 01-.564-.41L8 2.694v.001z"
        fillRule="evenodd"
      />
    </svg>
     
    <span
      className="label"
    >
      7
    </span>
  </div>
  <ul
    className="other-details"
  />
</div>
`;
