// Jest Snapshot v1, https://goo.gl/fbAQLP

exports[`Main renders Main component created 1`] = `"Loading..."`;
